// Jest Snapshot v1, https://goo.gl/fbAQLP

exports[`ProductContainer should render properly 1`] = `
<ContextConsumer>
  <Component />
</ContextConsumer>
`;
